Archive member included to satisfy reference by file (symbol)

c:/sysgcc/avr/bin/../lib/gcc/avr/7.3.0/avr5\libgcc.a(_divmodhi4.o)
                              CMakeFiles/pr.dir/Main.cpp.obj (__divmodhi4)
c:/sysgcc/avr/bin/../lib/gcc/avr/7.3.0/avr5\libgcc.a(_exit.o)
                              c:/sysgcc/avr/bin/../lib/gcc/avr/7.3.0/../../../../avr/lib/avr5/crtatmega328p.o (exit)
c:/sysgcc/avr/bin/../lib/gcc/avr/7.3.0/avr5\libgcc.a(_copy_data.o)
                              CMakeFiles/pr.dir/Main.cpp.obj (__do_copy_data)
c:/sysgcc/avr/bin/../lib/gcc/avr/7.3.0/avr5\libgcc.a(_clear_bss.o)
                              CMakeFiles/pr.dir/Main.cpp.obj (__do_clear_bss)
c:/sysgcc/avr/bin/../lib/gcc/avr/7.3.0/avr5\libgcc.a(_umulhisi3.o)
                              CMakeFiles/pr.dir/Main.cpp.obj (__umulhisi3)
c:/sysgcc/avr/bin/../lib/gcc/avr/7.3.0/avr5\libgcc.a(_udivmodhi4.o)
                              c:/sysgcc/avr/bin/../lib/gcc/avr/7.3.0/avr5\libgcc.a(_divmodhi4.o) (__udivmodhi4)

Discarded input sections

 .data          0x0000000000000000        0x0 c:/sysgcc/avr/bin/../lib/gcc/avr/7.3.0/../../../../avr/lib/avr5/crtatmega328p.o
 .bss           0x0000000000000000        0x0 c:/sysgcc/avr/bin/../lib/gcc/avr/7.3.0/../../../../avr/lib/avr5/crtatmega328p.o
 .group         0x0000000000000000        0x8 CMakeFiles/BSP.dir/C_/Program_Files_(x86)/Sysprogs/VisualGDB/CMake/embedded/dummy.c.obj
 .text          0x0000000000000000        0x0 CMakeFiles/BSP.dir/C_/Program_Files_(x86)/Sysprogs/VisualGDB/CMake/embedded/dummy.c.obj
 .data          0x0000000000000000        0x0 CMakeFiles/BSP.dir/C_/Program_Files_(x86)/Sysprogs/VisualGDB/CMake/embedded/dummy.c.obj
 .bss           0x0000000000000000        0x0 CMakeFiles/BSP.dir/C_/Program_Files_(x86)/Sysprogs/VisualGDB/CMake/embedded/dummy.c.obj
 .debug_info    0x0000000000000000       0x21 CMakeFiles/BSP.dir/C_/Program_Files_(x86)/Sysprogs/VisualGDB/CMake/embedded/dummy.c.obj
 .debug_abbrev  0x0000000000000000       0x13 CMakeFiles/BSP.dir/C_/Program_Files_(x86)/Sysprogs/VisualGDB/CMake/embedded/dummy.c.obj
 .debug_aranges
                0x0000000000000000       0x18 CMakeFiles/BSP.dir/C_/Program_Files_(x86)/Sysprogs/VisualGDB/CMake/embedded/dummy.c.obj
 .debug_macro   0x0000000000000000       0x11 CMakeFiles/BSP.dir/C_/Program_Files_(x86)/Sysprogs/VisualGDB/CMake/embedded/dummy.c.obj
 .debug_macro   0x0000000000000000      0xb1a CMakeFiles/BSP.dir/C_/Program_Files_(x86)/Sysprogs/VisualGDB/CMake/embedded/dummy.c.obj
 .debug_line    0x0000000000000000       0x5e CMakeFiles/BSP.dir/C_/Program_Files_(x86)/Sysprogs/VisualGDB/CMake/embedded/dummy.c.obj
 .debug_str     0x0000000000000000     0x2e43 CMakeFiles/BSP.dir/C_/Program_Files_(x86)/Sysprogs/VisualGDB/CMake/embedded/dummy.c.obj
 .comment       0x0000000000000000       0x31 CMakeFiles/BSP.dir/C_/Program_Files_(x86)/Sysprogs/VisualGDB/CMake/embedded/dummy.c.obj
 .group         0x0000000000000000        0x8 CMakeFiles/pr.dir/Main.cpp.obj
 .group         0x0000000000000000        0x8 CMakeFiles/pr.dir/Main.cpp.obj
 .group         0x0000000000000000        0x8 CMakeFiles/pr.dir/Main.cpp.obj
 .group         0x0000000000000000        0x8 CMakeFiles/pr.dir/Main.cpp.obj
 .group         0x0000000000000000        0x8 CMakeFiles/pr.dir/Main.cpp.obj
 .group         0x0000000000000000        0x8 CMakeFiles/pr.dir/Main.cpp.obj
 .group         0x0000000000000000        0x8 CMakeFiles/pr.dir/Main.cpp.obj
 .group         0x0000000000000000        0x8 CMakeFiles/pr.dir/Main.cpp.obj
 .group         0x0000000000000000        0x8 CMakeFiles/pr.dir/Main.cpp.obj
 .group         0x0000000000000000        0x8 CMakeFiles/pr.dir/Main.cpp.obj
 .group         0x0000000000000000        0x8 CMakeFiles/pr.dir/Main.cpp.obj
 .group         0x0000000000000000        0x8 CMakeFiles/pr.dir/Main.cpp.obj
 .group         0x0000000000000000        0x8 CMakeFiles/pr.dir/Main.cpp.obj
 .group         0x0000000000000000        0x8 CMakeFiles/pr.dir/Main.cpp.obj
 .group         0x0000000000000000        0x8 CMakeFiles/pr.dir/Main.cpp.obj
 .text          0x0000000000000000        0x0 CMakeFiles/pr.dir/Main.cpp.obj
 .data          0x0000000000000000        0x0 CMakeFiles/pr.dir/Main.cpp.obj
 .bss           0x0000000000000000        0x0 CMakeFiles/pr.dir/Main.cpp.obj
 .text._Z10initKeypadv
                0x0000000000000000        0xa CMakeFiles/pr.dir/Main.cpp.obj
 .text._Z9initTimerv
                0x0000000000000000        0xe CMakeFiles/pr.dir/Main.cpp.obj
 .data.keypadCounter
                0x0000000000000000        0x1 CMakeFiles/pr.dir/Main.cpp.obj
 .text          0x0000000000000000        0x0 c:/sysgcc/avr/bin/../lib/gcc/avr/7.3.0/avr5\libgcc.a(_divmodhi4.o)
 .data          0x0000000000000000        0x0 c:/sysgcc/avr/bin/../lib/gcc/avr/7.3.0/avr5\libgcc.a(_divmodhi4.o)
 .bss           0x0000000000000000        0x0 c:/sysgcc/avr/bin/../lib/gcc/avr/7.3.0/avr5\libgcc.a(_divmodhi4.o)
 .text.libgcc.mul
                0x0000000000000000        0x0 c:/sysgcc/avr/bin/../lib/gcc/avr/7.3.0/avr5\libgcc.a(_divmodhi4.o)
 .text.libgcc   0x0000000000000000        0x0 c:/sysgcc/avr/bin/../lib/gcc/avr/7.3.0/avr5\libgcc.a(_divmodhi4.o)
 .text.libgcc.prologue
                0x0000000000000000        0x0 c:/sysgcc/avr/bin/../lib/gcc/avr/7.3.0/avr5\libgcc.a(_divmodhi4.o)
 .text.libgcc.builtins
                0x0000000000000000        0x0 c:/sysgcc/avr/bin/../lib/gcc/avr/7.3.0/avr5\libgcc.a(_divmodhi4.o)
 .text.libgcc.fmul
                0x0000000000000000        0x0 c:/sysgcc/avr/bin/../lib/gcc/avr/7.3.0/avr5\libgcc.a(_divmodhi4.o)
 .text.libgcc.fixed
                0x0000000000000000        0x0 c:/sysgcc/avr/bin/../lib/gcc/avr/7.3.0/avr5\libgcc.a(_divmodhi4.o)
 .text          0x0000000000000000        0x0 c:/sysgcc/avr/bin/../lib/gcc/avr/7.3.0/avr5\libgcc.a(_exit.o)
 .data          0x0000000000000000        0x0 c:/sysgcc/avr/bin/../lib/gcc/avr/7.3.0/avr5\libgcc.a(_exit.o)
 .bss           0x0000000000000000        0x0 c:/sysgcc/avr/bin/../lib/gcc/avr/7.3.0/avr5\libgcc.a(_exit.o)
 .text.libgcc.mul
                0x0000000000000000        0x0 c:/sysgcc/avr/bin/../lib/gcc/avr/7.3.0/avr5\libgcc.a(_exit.o)
 .text.libgcc.div
                0x0000000000000000        0x0 c:/sysgcc/avr/bin/../lib/gcc/avr/7.3.0/avr5\libgcc.a(_exit.o)
 .text.libgcc   0x0000000000000000        0x0 c:/sysgcc/avr/bin/../lib/gcc/avr/7.3.0/avr5\libgcc.a(_exit.o)
 .text.libgcc.prologue
                0x0000000000000000        0x0 c:/sysgcc/avr/bin/../lib/gcc/avr/7.3.0/avr5\libgcc.a(_exit.o)
 .text.libgcc.builtins
                0x0000000000000000        0x0 c:/sysgcc/avr/bin/../lib/gcc/avr/7.3.0/avr5\libgcc.a(_exit.o)
 .text.libgcc.fmul
                0x0000000000000000        0x0 c:/sysgcc/avr/bin/../lib/gcc/avr/7.3.0/avr5\libgcc.a(_exit.o)
 .text.libgcc.fixed
                0x0000000000000000        0x0 c:/sysgcc/avr/bin/../lib/gcc/avr/7.3.0/avr5\libgcc.a(_exit.o)
 .text          0x0000000000000000        0x0 c:/sysgcc/avr/bin/../lib/gcc/avr/7.3.0/avr5\libgcc.a(_copy_data.o)
 .data          0x0000000000000000        0x0 c:/sysgcc/avr/bin/../lib/gcc/avr/7.3.0/avr5\libgcc.a(_copy_data.o)
 .bss           0x0000000000000000        0x0 c:/sysgcc/avr/bin/../lib/gcc/avr/7.3.0/avr5\libgcc.a(_copy_data.o)
 .text.libgcc.mul
                0x0000000000000000        0x0 c:/sysgcc/avr/bin/../lib/gcc/avr/7.3.0/avr5\libgcc.a(_copy_data.o)
 .text.libgcc.div
                0x0000000000000000        0x0 c:/sysgcc/avr/bin/../lib/gcc/avr/7.3.0/avr5\libgcc.a(_copy_data.o)
 .text.libgcc   0x0000000000000000        0x0 c:/sysgcc/avr/bin/../lib/gcc/avr/7.3.0/avr5\libgcc.a(_copy_data.o)
 .text.libgcc.prologue
                0x0000000000000000        0x0 c:/sysgcc/avr/bin/../lib/gcc/avr/7.3.0/avr5\libgcc.a(_copy_data.o)
 .text.libgcc.builtins
                0x0000000000000000        0x0 c:/sysgcc/avr/bin/../lib/gcc/avr/7.3.0/avr5\libgcc.a(_copy_data.o)
 .text.libgcc.fmul
                0x0000000000000000        0x0 c:/sysgcc/avr/bin/../lib/gcc/avr/7.3.0/avr5\libgcc.a(_copy_data.o)
 .text.libgcc.fixed
                0x0000000000000000        0x0 c:/sysgcc/avr/bin/../lib/gcc/avr/7.3.0/avr5\libgcc.a(_copy_data.o)
 .text          0x0000000000000000        0x0 c:/sysgcc/avr/bin/../lib/gcc/avr/7.3.0/avr5\libgcc.a(_clear_bss.o)
 .data          0x0000000000000000        0x0 c:/sysgcc/avr/bin/../lib/gcc/avr/7.3.0/avr5\libgcc.a(_clear_bss.o)
 .bss           0x0000000000000000        0x0 c:/sysgcc/avr/bin/../lib/gcc/avr/7.3.0/avr5\libgcc.a(_clear_bss.o)
 .text.libgcc.mul
                0x0000000000000000        0x0 c:/sysgcc/avr/bin/../lib/gcc/avr/7.3.0/avr5\libgcc.a(_clear_bss.o)
 .text.libgcc.div
                0x0000000000000000        0x0 c:/sysgcc/avr/bin/../lib/gcc/avr/7.3.0/avr5\libgcc.a(_clear_bss.o)
 .text.libgcc   0x0000000000000000        0x0 c:/sysgcc/avr/bin/../lib/gcc/avr/7.3.0/avr5\libgcc.a(_clear_bss.o)
 .text.libgcc.prologue
                0x0000000000000000        0x0 c:/sysgcc/avr/bin/../lib/gcc/avr/7.3.0/avr5\libgcc.a(_clear_bss.o)
 .text.libgcc.builtins
                0x0000000000000000        0x0 c:/sysgcc/avr/bin/../lib/gcc/avr/7.3.0/avr5\libgcc.a(_clear_bss.o)
 .text.libgcc.fmul
                0x0000000000000000        0x0 c:/sysgcc/avr/bin/../lib/gcc/avr/7.3.0/avr5\libgcc.a(_clear_bss.o)
 .text.libgcc.fixed
                0x0000000000000000        0x0 c:/sysgcc/avr/bin/../lib/gcc/avr/7.3.0/avr5\libgcc.a(_clear_bss.o)
 .text          0x0000000000000000        0x0 c:/sysgcc/avr/bin/../lib/gcc/avr/7.3.0/avr5\libgcc.a(_umulhisi3.o)
 .data          0x0000000000000000        0x0 c:/sysgcc/avr/bin/../lib/gcc/avr/7.3.0/avr5\libgcc.a(_umulhisi3.o)
 .bss           0x0000000000000000        0x0 c:/sysgcc/avr/bin/../lib/gcc/avr/7.3.0/avr5\libgcc.a(_umulhisi3.o)
 .text.libgcc.div
                0x0000000000000000        0x0 c:/sysgcc/avr/bin/../lib/gcc/avr/7.3.0/avr5\libgcc.a(_umulhisi3.o)
 .text.libgcc   0x0000000000000000        0x0 c:/sysgcc/avr/bin/../lib/gcc/avr/7.3.0/avr5\libgcc.a(_umulhisi3.o)
 .text.libgcc.prologue
                0x0000000000000000        0x0 c:/sysgcc/avr/bin/../lib/gcc/avr/7.3.0/avr5\libgcc.a(_umulhisi3.o)
 .text.libgcc.builtins
                0x0000000000000000        0x0 c:/sysgcc/avr/bin/../lib/gcc/avr/7.3.0/avr5\libgcc.a(_umulhisi3.o)
 .text.libgcc.fmul
                0x0000000000000000        0x0 c:/sysgcc/avr/bin/../lib/gcc/avr/7.3.0/avr5\libgcc.a(_umulhisi3.o)
 .text.libgcc.fixed
                0x0000000000000000        0x0 c:/sysgcc/avr/bin/../lib/gcc/avr/7.3.0/avr5\libgcc.a(_umulhisi3.o)
 .text          0x0000000000000000        0x0 c:/sysgcc/avr/bin/../lib/gcc/avr/7.3.0/avr5\libgcc.a(_udivmodhi4.o)
 .data          0x0000000000000000        0x0 c:/sysgcc/avr/bin/../lib/gcc/avr/7.3.0/avr5\libgcc.a(_udivmodhi4.o)
 .bss           0x0000000000000000        0x0 c:/sysgcc/avr/bin/../lib/gcc/avr/7.3.0/avr5\libgcc.a(_udivmodhi4.o)
 .text.libgcc.mul
                0x0000000000000000        0x0 c:/sysgcc/avr/bin/../lib/gcc/avr/7.3.0/avr5\libgcc.a(_udivmodhi4.o)
 .text.libgcc   0x0000000000000000        0x0 c:/sysgcc/avr/bin/../lib/gcc/avr/7.3.0/avr5\libgcc.a(_udivmodhi4.o)
 .text.libgcc.prologue
                0x0000000000000000        0x0 c:/sysgcc/avr/bin/../lib/gcc/avr/7.3.0/avr5\libgcc.a(_udivmodhi4.o)
 .text.libgcc.builtins
                0x0000000000000000        0x0 c:/sysgcc/avr/bin/../lib/gcc/avr/7.3.0/avr5\libgcc.a(_udivmodhi4.o)
 .text.libgcc.fmul
                0x0000000000000000        0x0 c:/sysgcc/avr/bin/../lib/gcc/avr/7.3.0/avr5\libgcc.a(_udivmodhi4.o)
 .text.libgcc.fixed
                0x0000000000000000        0x0 c:/sysgcc/avr/bin/../lib/gcc/avr/7.3.0/avr5\libgcc.a(_udivmodhi4.o)

Memory Configuration

Name             Origin             Length             Attributes
text             0x0000000000000000 0x0000000000008000 xr
data             0x0000000000800100 0x0000000000000800 rw !x
eeprom           0x0000000000810000 0x0000000000000400 rw !x
fuse             0x0000000000820000 0x0000000000000003 rw !x
lock             0x0000000000830000 0x0000000000000400 rw !x
signature        0x0000000000840000 0x0000000000000400 rw !x
user_signatures  0x0000000000850000 0x0000000000000400 rw !x
*default*        0x0000000000000000 0xffffffffffffffff

Linker script and memory map

Address of section .data set to 0x800100
LOAD c:/sysgcc/avr/bin/../lib/gcc/avr/7.3.0/../../../../avr/lib/avr5/crtatmega328p.o
LOAD CMakeFiles/BSP.dir/C_/Program_Files_(x86)/Sysprogs/VisualGDB/CMake/embedded/dummy.c.obj
LOAD CMakeFiles/pr.dir/Main.cpp.obj
LOAD c:/sysgcc/avr/bin/../lib/gcc/avr/7.3.0/avr5\libgcc.a
LOAD c:/sysgcc/avr/bin/../lib/gcc/avr/7.3.0/../../../../avr/lib/avr5\libm.a
START GROUP
LOAD c:/sysgcc/avr/bin/../lib/gcc/avr/7.3.0/avr5\libgcc.a
LOAD c:/sysgcc/avr/bin/../lib/gcc/avr/7.3.0/../../../../avr/lib/avr5\libm.a
LOAD c:/sysgcc/avr/bin/../lib/gcc/avr/7.3.0/../../../../avr/lib/avr5\libc.a
LOAD c:/sysgcc/avr/bin/../lib/gcc/avr/7.3.0/../../../../avr/lib/avr5\libatmega328p.a
END GROUP
                0x0000000000000000                __TEXT_REGION_ORIGIN__ = DEFINED (__TEXT_REGION_ORIGIN__)?__TEXT_REGION_ORIGIN__:0x0
                [0x0000000000800100]                __DATA_REGION_ORIGIN__ = DEFINED (__DATA_REGION_ORIGIN__)?__DATA_REGION_ORIGIN__:0x800060
                [0x0000000000008000]                __TEXT_REGION_LENGTH__ = DEFINED (__TEXT_REGION_LENGTH__)?__TEXT_REGION_LENGTH__:0x20000
                [0x0000000000000800]                __DATA_REGION_LENGTH__ = DEFINED (__DATA_REGION_LENGTH__)?__DATA_REGION_LENGTH__:0xffa0
                [0x0000000000000400]                __EEPROM_REGION_LENGTH__ = DEFINED (__EEPROM_REGION_LENGTH__)?__EEPROM_REGION_LENGTH__:0x10000
                [0x0000000000000003]                __FUSE_REGION_LENGTH__ = DEFINED (__FUSE_REGION_LENGTH__)?__FUSE_REGION_LENGTH__:0x400
                0x0000000000000400                __LOCK_REGION_LENGTH__ = DEFINED (__LOCK_REGION_LENGTH__)?__LOCK_REGION_LENGTH__:0x400
                0x0000000000000400                __SIGNATURE_REGION_LENGTH__ = DEFINED (__SIGNATURE_REGION_LENGTH__)?__SIGNATURE_REGION_LENGTH__:0x400
                0x0000000000000400                __USER_SIGNATURE_REGION_LENGTH__ = DEFINED (__USER_SIGNATURE_REGION_LENGTH__)?__USER_SIGNATURE_REGION_LENGTH__:0x400

.hash
 *(.hash)

.dynsym
 *(.dynsym)

.dynstr
 *(.dynstr)

.gnu.version
 *(.gnu.version)

.gnu.version_d
 *(.gnu.version_d)

.gnu.version_r
 *(.gnu.version_r)

.rel.init
 *(.rel.init)

.rela.init
 *(.rela.init)

.rel.text
 *(.rel.text)
 *(.rel.text.*)
 *(.rel.gnu.linkonce.t*)

.rela.text
 *(.rela.text)
 *(.rela.text.*)
 *(.rela.gnu.linkonce.t*)

.rel.fini
 *(.rel.fini)

.rela.fini
 *(.rela.fini)

.rel.rodata
 *(.rel.rodata)
 *(.rel.rodata.*)
 *(.rel.gnu.linkonce.r*)

.rela.rodata
 *(.rela.rodata)
 *(.rela.rodata.*)
 *(.rela.gnu.linkonce.r*)

.rel.data
 *(.rel.data)
 *(.rel.data.*)
 *(.rel.gnu.linkonce.d*)

.rela.data
 *(.rela.data)
 *(.rela.data.*)
 *(.rela.gnu.linkonce.d*)

.rel.ctors
 *(.rel.ctors)

.rela.ctors
 *(.rela.ctors)

.rel.dtors
 *(.rel.dtors)

.rela.dtors
 *(.rela.dtors)

.rel.got
 *(.rel.got)

.rela.got
 *(.rela.got)

.rel.bss
 *(.rel.bss)

.rela.bss
 *(.rela.bss)

.rel.plt
 *(.rel.plt)

.rela.plt
 *(.rela.plt)

.text           0x0000000000000000      0x3c6
 *(.vectors)
 .vectors       0x0000000000000000       0x68 c:/sysgcc/avr/bin/../lib/gcc/avr/7.3.0/../../../../avr/lib/avr5/crtatmega328p.o
                0x0000000000000000                __vector_default
                0x0000000000000000                __vectors
 *(.vectors)
 *(.progmem.gcc*)
                0x0000000000000068                . = ALIGN (0x2)
                0x0000000000000068                __trampolines_start = .
 *(.trampolines)
 .trampolines   0x0000000000000068        0x0 linker stubs
 *(.trampolines*)
                0x0000000000000068                __trampolines_end = .
 *libprintf_flt.a:*(.progmem.data)
 *libc.a:*(.progmem.data)
 *(.progmem*)
                0x0000000000000068                . = ALIGN (0x2)
 *(.jumptables)
 *(.jumptables*)
 *(.lowtext)
 *(.lowtext*)
                0x0000000000000068                __ctors_start = .
 *(.ctors)
                0x0000000000000068                __ctors_end = .
                0x0000000000000068                __dtors_start = .
 *(.dtors)
                0x0000000000000068                __dtors_end = .
 SORT(*)(.ctors)
 SORT(*)(.dtors)
 *(.init0)
 .init0         0x0000000000000068        0x0 c:/sysgcc/avr/bin/../lib/gcc/avr/7.3.0/../../../../avr/lib/avr5/crtatmega328p.o
                0x0000000000000068                __init
 *(.init0)
 *(.init1)
 *(.init1)
 *(.init2)
 .init2         0x0000000000000068        0xc c:/sysgcc/avr/bin/../lib/gcc/avr/7.3.0/../../../../avr/lib/avr5/crtatmega328p.o
 *(.init2)
 *(.init3)
 *(.init3)
 *(.init4)
 .init4         0x0000000000000074       0x16 c:/sysgcc/avr/bin/../lib/gcc/avr/7.3.0/avr5\libgcc.a(_copy_data.o)
                0x0000000000000074                __do_copy_data
 .init4         0x000000000000008a       0x10 c:/sysgcc/avr/bin/../lib/gcc/avr/7.3.0/avr5\libgcc.a(_clear_bss.o)
                0x000000000000008a                __do_clear_bss
 *(.init4)
 *(.init5)
 *(.init5)
 *(.init6)
 *(.init6)
 *(.init7)
 *(.init7)
 *(.init8)
 *(.init8)
 *(.init9)
 .init9         0x000000000000009a        0x8 c:/sysgcc/avr/bin/../lib/gcc/avr/7.3.0/../../../../avr/lib/avr5/crtatmega328p.o
 *(.init9)
 *(.text)
 .text          0x00000000000000a2        0x4 c:/sysgcc/avr/bin/../lib/gcc/avr/7.3.0/../../../../avr/lib/avr5/crtatmega328p.o
                0x00000000000000a2                __vector_22
                0x00000000000000a2                __vector_1
                0x00000000000000a2                __vector_24
                0x00000000000000a2                __vector_12
                0x00000000000000a2                __bad_interrupt
                0x00000000000000a2                __vector_6
                0x00000000000000a2                __vector_3
                0x00000000000000a2                __vector_23
                0x00000000000000a2                __vector_25
                0x00000000000000a2                __vector_11
                0x00000000000000a2                __vector_13
                0x00000000000000a2                __vector_17
                0x00000000000000a2                __vector_19
                0x00000000000000a2                __vector_7
                0x00000000000000a2                __vector_5
                0x00000000000000a2                __vector_4
                0x00000000000000a2                __vector_9
                0x00000000000000a2                __vector_2
                0x00000000000000a2                __vector_21
                0x00000000000000a2                __vector_15
                0x00000000000000a2                __vector_8
                0x00000000000000a2                __vector_14
                0x00000000000000a2                __vector_10
                0x00000000000000a2                __vector_18
                0x00000000000000a2                __vector_20
                0x00000000000000a6                . = ALIGN (0x2)
 *(.text.*)
 .text._Z10readKeypadv
                0x00000000000000a6       0xac CMakeFiles/pr.dir/Main.cpp.obj
                0x00000000000000a6                _Z10readKeypadv
 .text.__vector_16
                0x0000000000000152      0x1a0 CMakeFiles/pr.dir/Main.cpp.obj
                0x0000000000000152                __vector_16
 .text.startup.main
                0x00000000000002f2       0x62 CMakeFiles/pr.dir/Main.cpp.obj
                0x00000000000002f2                main
 .text.libgcc.div
                0x0000000000000354       0x28 c:/sysgcc/avr/bin/../lib/gcc/avr/7.3.0/avr5\libgcc.a(_divmodhi4.o)
                0x0000000000000354                _div
                0x0000000000000354                __divmodhi4
 .text.libgcc.mul
                0x000000000000037c       0x1e c:/sysgcc/avr/bin/../lib/gcc/avr/7.3.0/avr5\libgcc.a(_umulhisi3.o)
                0x000000000000037c                __umulhisi3
 .text.libgcc.div
                0x000000000000039a       0x28 c:/sysgcc/avr/bin/../lib/gcc/avr/7.3.0/avr5\libgcc.a(_udivmodhi4.o)
                0x000000000000039a                __udivmodhi4
                0x00000000000003c2                . = ALIGN (0x2)
 *(.fini9)
 .fini9         0x00000000000003c2        0x0 c:/sysgcc/avr/bin/../lib/gcc/avr/7.3.0/avr5\libgcc.a(_exit.o)
                0x00000000000003c2                _exit
                0x00000000000003c2                exit
 *(.fini9)
 *(.fini8)
 *(.fini8)
 *(.fini7)
 *(.fini7)
 *(.fini6)
 *(.fini6)
 *(.fini5)
 *(.fini5)
 *(.fini4)
 *(.fini4)
 *(.fini3)
 *(.fini3)
 *(.fini2)
 *(.fini2)
 *(.fini1)
 *(.fini1)
 *(.fini0)
 .fini0         0x00000000000003c2        0x4 c:/sysgcc/avr/bin/../lib/gcc/avr/7.3.0/avr5\libgcc.a(_exit.o)
 *(.fini0)
                0x00000000000003c6                _etext = .

.data           0x0000000000800100        0xc load address 0x00000000000003c6
                0x0000000000800100                PROVIDE (__data_start, .)
 *(.data)
 *(.data*)
 .data.display  0x0000000000800100        0x2 CMakeFiles/pr.dir/Main.cpp.obj
                0x0000000000800100                display
 .data.SEGMENTE
                0x0000000000800102        0xa CMakeFiles/pr.dir/Main.cpp.obj
                0x0000000000800102                SEGMENTE
 *(.gnu.linkonce.d*)
 *(.rodata)
 *(.rodata*)
 *(.gnu.linkonce.r*)
                0x000000000080010c                . = ALIGN (0x2)
                0x000000000080010c                _edata = .
                0x000000000080010c                PROVIDE (__data_end, .)

.bss            0x000000000080010c        0x1
                0x000000000080010c                PROVIDE (__bss_start, .)
 *(.bss)
 *(.bss*)
 .bss.segCounter
                0x000000000080010c        0x1 CMakeFiles/pr.dir/Main.cpp.obj
                0x000000000080010c                segCounter
 *(COMMON)
                0x000000000080010d                PROVIDE (__bss_end, .)
                0x00000000000003c6                __data_load_start = LOADADDR (.data)
                0x00000000000003d2                __data_load_end = (__data_load_start + SIZEOF (.data))

.noinit         0x000000000080010d        0x0
                [!provide]                        PROVIDE (__noinit_start, .)
 *(.noinit*)
                [!provide]                        PROVIDE (__noinit_end, .)
                0x000000000080010d                _end = .
                [!provide]                        PROVIDE (__heap_start, .)

.eeprom         0x0000000000810000        0x0
 *(.eeprom*)
                0x0000000000810000                __eeprom_end = .

.fuse
 *(.fuse)
 *(.lfuse)
 *(.hfuse)
 *(.efuse)

.lock
 *(.lock*)

.signature
 *(.signature*)

.user_signatures
 *(.user_signatures*)

.stab
 *(.stab)

.stabstr
 *(.stabstr)

.stab.excl
 *(.stab.excl)

.stab.exclstr
 *(.stab.exclstr)

.stab.index
 *(.stab.index)

.stab.indexstr
 *(.stab.indexstr)

.comment        0x0000000000000000       0x30
 *(.comment)
 .comment       0x0000000000000000       0x30 CMakeFiles/pr.dir/Main.cpp.obj
                                         0x31 (size before relaxing)

.note.gnu.avr.deviceinfo
                0x0000000000000000       0x40
 .note.gnu.avr.deviceinfo
                0x0000000000000000       0x40 c:/sysgcc/avr/bin/../lib/gcc/avr/7.3.0/../../../../avr/lib/avr5/crtatmega328p.o

.note.gnu.build-id
 *(.note.gnu.build-id)

.debug
 *(.debug)

.line
 *(.line)

.debug_srcinfo
 *(.debug_srcinfo)

.debug_sfnames
 *(.debug_sfnames)

.debug_aranges  0x0000000000000000       0x40
 *(.debug_aranges)
 .debug_aranges
                0x0000000000000000       0x40 CMakeFiles/pr.dir/Main.cpp.obj

.debug_pubnames
 *(.debug_pubnames)

.debug_info     0x0000000000000000      0x832
 *(.debug_info .gnu.linkonce.wi.*)
 .debug_info    0x0000000000000000      0x5f4 c:/sysgcc/avr/bin/../lib/gcc/avr/7.3.0/../../../../avr/lib/avr5/crtatmega328p.o
 .debug_info    0x00000000000005f4      0x23e CMakeFiles/pr.dir/Main.cpp.obj

.debug_abbrev   0x0000000000000000      0x710
 *(.debug_abbrev)
 .debug_abbrev  0x0000000000000000      0x5a2 c:/sysgcc/avr/bin/../lib/gcc/avr/7.3.0/../../../../avr/lib/avr5/crtatmega328p.o
 .debug_abbrev  0x00000000000005a2      0x16e CMakeFiles/pr.dir/Main.cpp.obj

.debug_line     0x0000000000000000      0x367
 *(.debug_line .debug_line.* .debug_line_end)
 .debug_line    0x0000000000000000       0x1a c:/sysgcc/avr/bin/../lib/gcc/avr/7.3.0/../../../../avr/lib/avr5/crtatmega328p.o
 .debug_line    0x000000000000001a      0x34d CMakeFiles/pr.dir/Main.cpp.obj

.debug_frame    0x0000000000000000       0xac
 *(.debug_frame)
 .debug_frame   0x0000000000000000       0xac CMakeFiles/pr.dir/Main.cpp.obj

.debug_str      0x0000000000000000     0x7842
 *(.debug_str)
 .debug_str     0x0000000000000000      0x208 c:/sysgcc/avr/bin/../lib/gcc/avr/7.3.0/../../../../avr/lib/avr5/crtatmega328p.o
 .debug_str     0x0000000000000208     0x763a CMakeFiles/pr.dir/Main.cpp.obj
                                       0x76ea (size before relaxing)

.debug_loc      0x0000000000000000      0x1f6
 *(.debug_loc)
 .debug_loc     0x0000000000000000      0x1f6 CMakeFiles/pr.dir/Main.cpp.obj

.debug_macinfo
 *(.debug_macinfo)

.debug_weaknames
 *(.debug_weaknames)

.debug_funcnames
 *(.debug_funcnames)

.debug_typenames
 *(.debug_typenames)

.debug_varnames
 *(.debug_varnames)

.debug_pubtypes
 *(.debug_pubtypes)

.debug_ranges   0x0000000000000000       0x30
 *(.debug_ranges)
 .debug_ranges  0x0000000000000000       0x30 CMakeFiles/pr.dir/Main.cpp.obj

.debug_macro    0x0000000000000000     0x2ac5
 *(.debug_macro)
 .debug_macro   0x0000000000000000       0xb7 CMakeFiles/pr.dir/Main.cpp.obj
 .debug_macro   0x00000000000000b7      0xbe0 CMakeFiles/pr.dir/Main.cpp.obj
 .debug_macro   0x0000000000000c97       0x10 CMakeFiles/pr.dir/Main.cpp.obj
 .debug_macro   0x0000000000000ca7       0x1c CMakeFiles/pr.dir/Main.cpp.obj
 .debug_macro   0x0000000000000cc3      0x1c9 CMakeFiles/pr.dir/Main.cpp.obj
 .debug_macro   0x0000000000000e8c      0x2fc CMakeFiles/pr.dir/Main.cpp.obj
 .debug_macro   0x0000000000001188       0x9e CMakeFiles/pr.dir/Main.cpp.obj
 .debug_macro   0x0000000000001226     0x1411 CMakeFiles/pr.dir/Main.cpp.obj
 .debug_macro   0x0000000000002637      0x13a CMakeFiles/pr.dir/Main.cpp.obj
 .debug_macro   0x0000000000002771       0xbd CMakeFiles/pr.dir/Main.cpp.obj
 .debug_macro   0x000000000000282e       0x34 CMakeFiles/pr.dir/Main.cpp.obj
 .debug_macro   0x0000000000002862       0x18 CMakeFiles/pr.dir/Main.cpp.obj
 .debug_macro   0x000000000000287a       0x6c CMakeFiles/pr.dir/Main.cpp.obj
 .debug_macro   0x00000000000028e6       0x69 CMakeFiles/pr.dir/Main.cpp.obj
 .debug_macro   0x000000000000294f       0x10 CMakeFiles/pr.dir/Main.cpp.obj
 .debug_macro   0x000000000000295f      0x166 CMakeFiles/pr.dir/Main.cpp.obj
OUTPUT(pr elf32-avr)
LOAD linker stubs
