Archive member included to satisfy reference by file (symbol)

c:/sysgcc/avr/bin/../lib/gcc/avr/7.3.0/avr5\libgcc.a(_exit.o)
                              c:/sysgcc/avr/bin/../lib/gcc/avr/7.3.0/../../../../avr/lib/avr5/crtatmega328p.o (exit)
c:/sysgcc/avr/bin/../lib/gcc/avr/7.3.0/avr5\libgcc.a(_copy_data.o)
                              CMakeFiles/pr.dir/Main.cpp.obj (__do_copy_data)
c:/sysgcc/avr/bin/../lib/gcc/avr/7.3.0/avr5\libgcc.a(_clear_bss.o)
                              CMakeFiles/pr.dir/Main.cpp.obj (__do_clear_bss)
c:/sysgcc/avr/bin/../lib/gcc/avr/7.3.0/../../../../avr/lib/avr5\libc.a(sprintf.o)
                              CMakeFiles/pr.dir/Main.cpp.obj (sprintf)
c:/sysgcc/avr/bin/../lib/gcc/avr/7.3.0/../../../../avr/lib/avr5\libc.a(vfprintf_std.o)
                              c:/sysgcc/avr/bin/../lib/gcc/avr/7.3.0/../../../../avr/lib/avr5\libc.a(sprintf.o) (vfprintf)
c:/sysgcc/avr/bin/../lib/gcc/avr/7.3.0/../../../../avr/lib/avr5\libc.a(strnlen_P.o)
                              c:/sysgcc/avr/bin/../lib/gcc/avr/7.3.0/../../../../avr/lib/avr5\libc.a(vfprintf_std.o) (strnlen_P)
c:/sysgcc/avr/bin/../lib/gcc/avr/7.3.0/../../../../avr/lib/avr5\libc.a(strnlen.o)
                              c:/sysgcc/avr/bin/../lib/gcc/avr/7.3.0/../../../../avr/lib/avr5\libc.a(vfprintf_std.o) (strnlen)
c:/sysgcc/avr/bin/../lib/gcc/avr/7.3.0/../../../../avr/lib/avr5\libc.a(fputc.o)
                              c:/sysgcc/avr/bin/../lib/gcc/avr/7.3.0/../../../../avr/lib/avr5\libc.a(vfprintf_std.o) (fputc)
c:/sysgcc/avr/bin/../lib/gcc/avr/7.3.0/../../../../avr/lib/avr5\libc.a(ultoa_invert.o)
                              c:/sysgcc/avr/bin/../lib/gcc/avr/7.3.0/../../../../avr/lib/avr5\libc.a(vfprintf_std.o) (__ultoa_invert)
c:/sysgcc/avr/bin/../lib/gcc/avr/7.3.0/avr5\libgcc.a(_prologue.o)
                              c:/sysgcc/avr/bin/../lib/gcc/avr/7.3.0/../../../../avr/lib/avr5\libc.a(sprintf.o) (__prologue_saves__)
c:/sysgcc/avr/bin/../lib/gcc/avr/7.3.0/avr5\libgcc.a(_epilogue.o)
                              c:/sysgcc/avr/bin/../lib/gcc/avr/7.3.0/../../../../avr/lib/avr5\libc.a(sprintf.o) (__epilogue_restores__)

Discarded input sections

 .data          0x0000000000000000        0x0 c:/sysgcc/avr/bin/../lib/gcc/avr/7.3.0/../../../../avr/lib/avr5/crtatmega328p.o
 .bss           0x0000000000000000        0x0 c:/sysgcc/avr/bin/../lib/gcc/avr/7.3.0/../../../../avr/lib/avr5/crtatmega328p.o
 .group         0x0000000000000000        0x8 CMakeFiles/BSP.dir/C_/Program_Files_(x86)/Sysprogs/VisualGDB/CMake/embedded/dummy.c.obj
 .text          0x0000000000000000        0x0 CMakeFiles/BSP.dir/C_/Program_Files_(x86)/Sysprogs/VisualGDB/CMake/embedded/dummy.c.obj
 .data          0x0000000000000000        0x0 CMakeFiles/BSP.dir/C_/Program_Files_(x86)/Sysprogs/VisualGDB/CMake/embedded/dummy.c.obj
 .bss           0x0000000000000000        0x0 CMakeFiles/BSP.dir/C_/Program_Files_(x86)/Sysprogs/VisualGDB/CMake/embedded/dummy.c.obj
 .debug_info    0x0000000000000000       0x21 CMakeFiles/BSP.dir/C_/Program_Files_(x86)/Sysprogs/VisualGDB/CMake/embedded/dummy.c.obj
 .debug_abbrev  0x0000000000000000       0x13 CMakeFiles/BSP.dir/C_/Program_Files_(x86)/Sysprogs/VisualGDB/CMake/embedded/dummy.c.obj
 .debug_aranges
                0x0000000000000000       0x18 CMakeFiles/BSP.dir/C_/Program_Files_(x86)/Sysprogs/VisualGDB/CMake/embedded/dummy.c.obj
 .debug_macro   0x0000000000000000       0x11 CMakeFiles/BSP.dir/C_/Program_Files_(x86)/Sysprogs/VisualGDB/CMake/embedded/dummy.c.obj
 .debug_macro   0x0000000000000000      0xb1a CMakeFiles/BSP.dir/C_/Program_Files_(x86)/Sysprogs/VisualGDB/CMake/embedded/dummy.c.obj
 .debug_line    0x0000000000000000       0x5e CMakeFiles/BSP.dir/C_/Program_Files_(x86)/Sysprogs/VisualGDB/CMake/embedded/dummy.c.obj
 .debug_str     0x0000000000000000     0x2e43 CMakeFiles/BSP.dir/C_/Program_Files_(x86)/Sysprogs/VisualGDB/CMake/embedded/dummy.c.obj
 .comment       0x0000000000000000       0x31 CMakeFiles/BSP.dir/C_/Program_Files_(x86)/Sysprogs/VisualGDB/CMake/embedded/dummy.c.obj
 .group         0x0000000000000000        0x8 CMakeFiles/pr.dir/Main.cpp.obj
 .group         0x0000000000000000        0x8 CMakeFiles/pr.dir/Main.cpp.obj
 .group         0x0000000000000000        0x8 CMakeFiles/pr.dir/Main.cpp.obj
 .group         0x0000000000000000        0x8 CMakeFiles/pr.dir/Main.cpp.obj
 .group         0x0000000000000000        0x8 CMakeFiles/pr.dir/Main.cpp.obj
 .group         0x0000000000000000        0x8 CMakeFiles/pr.dir/Main.cpp.obj
 .group         0x0000000000000000        0x8 CMakeFiles/pr.dir/Main.cpp.obj
 .group         0x0000000000000000        0x8 CMakeFiles/pr.dir/Main.cpp.obj
 .group         0x0000000000000000        0x8 CMakeFiles/pr.dir/Main.cpp.obj
 .group         0x0000000000000000        0x8 CMakeFiles/pr.dir/Main.cpp.obj
 .group         0x0000000000000000        0x8 CMakeFiles/pr.dir/Main.cpp.obj
 .group         0x0000000000000000        0x8 CMakeFiles/pr.dir/Main.cpp.obj
 .group         0x0000000000000000        0x8 CMakeFiles/pr.dir/Main.cpp.obj
 .group         0x0000000000000000        0x8 CMakeFiles/pr.dir/Main.cpp.obj
 .group         0x0000000000000000        0x8 CMakeFiles/pr.dir/Main.cpp.obj
 .group         0x0000000000000000        0x8 CMakeFiles/pr.dir/Main.cpp.obj
 .group         0x0000000000000000        0x8 CMakeFiles/pr.dir/Main.cpp.obj
 .group         0x0000000000000000        0x8 CMakeFiles/pr.dir/Main.cpp.obj
 .group         0x0000000000000000        0x8 CMakeFiles/pr.dir/Main.cpp.obj
 .group         0x0000000000000000        0x8 CMakeFiles/pr.dir/Main.cpp.obj
 .group         0x0000000000000000        0x8 CMakeFiles/pr.dir/Main.cpp.obj
 .group         0x0000000000000000        0x8 CMakeFiles/pr.dir/Main.cpp.obj
 .text          0x0000000000000000        0x0 CMakeFiles/pr.dir/Main.cpp.obj
 .data          0x0000000000000000        0x0 CMakeFiles/pr.dir/Main.cpp.obj
 .bss           0x0000000000000000        0x0 CMakeFiles/pr.dir/Main.cpp.obj
 .text._Z8i2c_initv
                0x0000000000000000       0x12 CMakeFiles/pr.dir/Main.cpp.obj
 .text._Z9i2c_startv
                0x0000000000000000       0x10 CMakeFiles/pr.dir/Main.cpp.obj
 .text._Z9i2c_writec
                0x0000000000000000       0x14 CMakeFiles/pr.dir/Main.cpp.obj
 .text._Z8i2c_readv
                0x0000000000000000       0x14 CMakeFiles/pr.dir/Main.cpp.obj
 .text._Z6togglev
                0x0000000000000000       0x32 CMakeFiles/pr.dir/Main.cpp.obj
 .text._Z10lcd_cmd_hfc
                0x0000000000000000       0x7c CMakeFiles/pr.dir/Main.cpp.obj
 .text._Z5delayi
                0x0000000000000000        0x2 CMakeFiles/pr.dir/Main.cpp.obj
 .text._Z7lcd_msgPc
                0x0000000000000000       0x1e CMakeFiles/pr.dir/Main.cpp.obj
 .text._Z10lcd_rig_shv
                0x0000000000000000        0x6 CMakeFiles/pr.dir/Main.cpp.obj
 .text._Z10lcd_lef_shv
                0x0000000000000000        0x6 CMakeFiles/pr.dir/Main.cpp.obj
 .group         0x0000000000000000        0x8 CMakeFiles/pr.dir/DHT11.cpp.obj
 .group         0x0000000000000000        0x8 CMakeFiles/pr.dir/DHT11.cpp.obj
 .group         0x0000000000000000        0x8 CMakeFiles/pr.dir/DHT11.cpp.obj
 .group         0x0000000000000000        0x8 CMakeFiles/pr.dir/DHT11.cpp.obj
 .group         0x0000000000000000        0x8 CMakeFiles/pr.dir/DHT11.cpp.obj
 .group         0x0000000000000000        0x8 CMakeFiles/pr.dir/DHT11.cpp.obj
 .group         0x0000000000000000        0x8 CMakeFiles/pr.dir/DHT11.cpp.obj
 .group         0x0000000000000000        0x8 CMakeFiles/pr.dir/DHT11.cpp.obj
 .group         0x0000000000000000        0x8 CMakeFiles/pr.dir/DHT11.cpp.obj
 .group         0x0000000000000000        0x8 CMakeFiles/pr.dir/DHT11.cpp.obj
 .group         0x0000000000000000        0x8 CMakeFiles/pr.dir/DHT11.cpp.obj
 .group         0x0000000000000000        0x8 CMakeFiles/pr.dir/DHT11.cpp.obj
 .group         0x0000000000000000        0x8 CMakeFiles/pr.dir/DHT11.cpp.obj
 .group         0x0000000000000000        0x8 CMakeFiles/pr.dir/DHT11.cpp.obj
 .group         0x0000000000000000        0x8 CMakeFiles/pr.dir/DHT11.cpp.obj
 .text          0x0000000000000000        0x0 CMakeFiles/pr.dir/DHT11.cpp.obj
 .data          0x0000000000000000        0x0 CMakeFiles/pr.dir/DHT11.cpp.obj
 .bss           0x0000000000000000        0x0 CMakeFiles/pr.dir/DHT11.cpp.obj
 .text._Z9dht_startv
                0x0000000000000000       0x38 CMakeFiles/pr.dir/DHT11.cpp.obj
 .text._Z8dht_bytev
                0x0000000000000000       0x36 CMakeFiles/pr.dir/DHT11.cpp.obj
 .bss._temp     0x0000000000000000        0x1 CMakeFiles/pr.dir/DHT11.cpp.obj
 .bss._hum      0x0000000000000000        0x1 CMakeFiles/pr.dir/DHT11.cpp.obj
 .debug_macro   0x0000000000000000      0xbe0 CMakeFiles/pr.dir/DHT11.cpp.obj
 .debug_macro   0x0000000000000000       0x10 CMakeFiles/pr.dir/DHT11.cpp.obj
 .debug_macro   0x0000000000000000       0x1c CMakeFiles/pr.dir/DHT11.cpp.obj
 .debug_macro   0x0000000000000000      0x1c9 CMakeFiles/pr.dir/DHT11.cpp.obj
 .debug_macro   0x0000000000000000      0x2fc CMakeFiles/pr.dir/DHT11.cpp.obj
 .debug_macro   0x0000000000000000       0x9e CMakeFiles/pr.dir/DHT11.cpp.obj
 .debug_macro   0x0000000000000000     0x1411 CMakeFiles/pr.dir/DHT11.cpp.obj
 .debug_macro   0x0000000000000000      0x13a CMakeFiles/pr.dir/DHT11.cpp.obj
 .debug_macro   0x0000000000000000       0xbd CMakeFiles/pr.dir/DHT11.cpp.obj
 .debug_macro   0x0000000000000000       0x34 CMakeFiles/pr.dir/DHT11.cpp.obj
 .debug_macro   0x0000000000000000       0x18 CMakeFiles/pr.dir/DHT11.cpp.obj
 .debug_macro   0x0000000000000000       0x6c CMakeFiles/pr.dir/DHT11.cpp.obj
 .debug_macro   0x0000000000000000       0x10 CMakeFiles/pr.dir/DHT11.cpp.obj
 .debug_macro   0x0000000000000000       0x28 CMakeFiles/pr.dir/DHT11.cpp.obj
 .text          0x0000000000000000        0x0 c:/sysgcc/avr/bin/../lib/gcc/avr/7.3.0/avr5\libgcc.a(_exit.o)
 .data          0x0000000000000000        0x0 c:/sysgcc/avr/bin/../lib/gcc/avr/7.3.0/avr5\libgcc.a(_exit.o)
 .bss           0x0000000000000000        0x0 c:/sysgcc/avr/bin/../lib/gcc/avr/7.3.0/avr5\libgcc.a(_exit.o)
 .text.libgcc.mul
                0x0000000000000000        0x0 c:/sysgcc/avr/bin/../lib/gcc/avr/7.3.0/avr5\libgcc.a(_exit.o)
 .text.libgcc.div
                0x0000000000000000        0x0 c:/sysgcc/avr/bin/../lib/gcc/avr/7.3.0/avr5\libgcc.a(_exit.o)
 .text.libgcc   0x0000000000000000        0x0 c:/sysgcc/avr/bin/../lib/gcc/avr/7.3.0/avr5\libgcc.a(_exit.o)
 .text.libgcc.prologue
                0x0000000000000000        0x0 c:/sysgcc/avr/bin/../lib/gcc/avr/7.3.0/avr5\libgcc.a(_exit.o)
 .text.libgcc.builtins
                0x0000000000000000        0x0 c:/sysgcc/avr/bin/../lib/gcc/avr/7.3.0/avr5\libgcc.a(_exit.o)
 .text.libgcc.fmul
                0x0000000000000000        0x0 c:/sysgcc/avr/bin/../lib/gcc/avr/7.3.0/avr5\libgcc.a(_exit.o)
 .text.libgcc.fixed
                0x0000000000000000        0x0 c:/sysgcc/avr/bin/../lib/gcc/avr/7.3.0/avr5\libgcc.a(_exit.o)
 .text          0x0000000000000000        0x0 c:/sysgcc/avr/bin/../lib/gcc/avr/7.3.0/avr5\libgcc.a(_copy_data.o)
 .data          0x0000000000000000        0x0 c:/sysgcc/avr/bin/../lib/gcc/avr/7.3.0/avr5\libgcc.a(_copy_data.o)
 .bss           0x0000000000000000        0x0 c:/sysgcc/avr/bin/../lib/gcc/avr/7.3.0/avr5\libgcc.a(_copy_data.o)
 .text.libgcc.mul
                0x0000000000000000        0x0 c:/sysgcc/avr/bin/../lib/gcc/avr/7.3.0/avr5\libgcc.a(_copy_data.o)
 .text.libgcc.div
                0x0000000000000000        0x0 c:/sysgcc/avr/bin/../lib/gcc/avr/7.3.0/avr5\libgcc.a(_copy_data.o)
 .text.libgcc   0x0000000000000000        0x0 c:/sysgcc/avr/bin/../lib/gcc/avr/7.3.0/avr5\libgcc.a(_copy_data.o)
 .text.libgcc.prologue
                0x0000000000000000        0x0 c:/sysgcc/avr/bin/../lib/gcc/avr/7.3.0/avr5\libgcc.a(_copy_data.o)
 .text.libgcc.builtins
                0x0000000000000000        0x0 c:/sysgcc/avr/bin/../lib/gcc/avr/7.3.0/avr5\libgcc.a(_copy_data.o)
 .text.libgcc.fmul
                0x0000000000000000        0x0 c:/sysgcc/avr/bin/../lib/gcc/avr/7.3.0/avr5\libgcc.a(_copy_data.o)
 .text.libgcc.fixed
                0x0000000000000000        0x0 c:/sysgcc/avr/bin/../lib/gcc/avr/7.3.0/avr5\libgcc.a(_copy_data.o)
 .text          0x0000000000000000        0x0 c:/sysgcc/avr/bin/../lib/gcc/avr/7.3.0/avr5\libgcc.a(_clear_bss.o)
 .data          0x0000000000000000        0x0 c:/sysgcc/avr/bin/../lib/gcc/avr/7.3.0/avr5\libgcc.a(_clear_bss.o)
 .bss           0x0000000000000000        0x0 c:/sysgcc/avr/bin/../lib/gcc/avr/7.3.0/avr5\libgcc.a(_clear_bss.o)
 .text.libgcc.mul
                0x0000000000000000        0x0 c:/sysgcc/avr/bin/../lib/gcc/avr/7.3.0/avr5\libgcc.a(_clear_bss.o)
 .text.libgcc.div
                0x0000000000000000        0x0 c:/sysgcc/avr/bin/../lib/gcc/avr/7.3.0/avr5\libgcc.a(_clear_bss.o)
 .text.libgcc   0x0000000000000000        0x0 c:/sysgcc/avr/bin/../lib/gcc/avr/7.3.0/avr5\libgcc.a(_clear_bss.o)
 .text.libgcc.prologue
                0x0000000000000000        0x0 c:/sysgcc/avr/bin/../lib/gcc/avr/7.3.0/avr5\libgcc.a(_clear_bss.o)
 .text.libgcc.builtins
                0x0000000000000000        0x0 c:/sysgcc/avr/bin/../lib/gcc/avr/7.3.0/avr5\libgcc.a(_clear_bss.o)
 .text.libgcc.fmul
                0x0000000000000000        0x0 c:/sysgcc/avr/bin/../lib/gcc/avr/7.3.0/avr5\libgcc.a(_clear_bss.o)
 .text.libgcc.fixed
                0x0000000000000000        0x0 c:/sysgcc/avr/bin/../lib/gcc/avr/7.3.0/avr5\libgcc.a(_clear_bss.o)
 .text          0x0000000000000000        0x0 c:/sysgcc/avr/bin/../lib/gcc/avr/7.3.0/../../../../avr/lib/avr5\libc.a(sprintf.o)
 .data          0x0000000000000000        0x0 c:/sysgcc/avr/bin/../lib/gcc/avr/7.3.0/../../../../avr/lib/avr5\libc.a(sprintf.o)
 .bss           0x0000000000000000        0x0 c:/sysgcc/avr/bin/../lib/gcc/avr/7.3.0/../../../../avr/lib/avr5\libc.a(sprintf.o)
 .text          0x0000000000000000        0x0 c:/sysgcc/avr/bin/../lib/gcc/avr/7.3.0/../../../../avr/lib/avr5\libc.a(vfprintf_std.o)
 .data          0x0000000000000000        0x0 c:/sysgcc/avr/bin/../lib/gcc/avr/7.3.0/../../../../avr/lib/avr5\libc.a(vfprintf_std.o)
 .bss           0x0000000000000000        0x0 c:/sysgcc/avr/bin/../lib/gcc/avr/7.3.0/../../../../avr/lib/avr5\libc.a(vfprintf_std.o)
 .text          0x0000000000000000        0x0 c:/sysgcc/avr/bin/../lib/gcc/avr/7.3.0/../../../../avr/lib/avr5\libc.a(strnlen_P.o)
 .data          0x0000000000000000        0x0 c:/sysgcc/avr/bin/../lib/gcc/avr/7.3.0/../../../../avr/lib/avr5\libc.a(strnlen_P.o)
 .bss           0x0000000000000000        0x0 c:/sysgcc/avr/bin/../lib/gcc/avr/7.3.0/../../../../avr/lib/avr5\libc.a(strnlen_P.o)
 .text          0x0000000000000000        0x0 c:/sysgcc/avr/bin/../lib/gcc/avr/7.3.0/../../../../avr/lib/avr5\libc.a(strnlen.o)
 .data          0x0000000000000000        0x0 c:/sysgcc/avr/bin/../lib/gcc/avr/7.3.0/../../../../avr/lib/avr5\libc.a(strnlen.o)
 .bss           0x0000000000000000        0x0 c:/sysgcc/avr/bin/../lib/gcc/avr/7.3.0/../../../../avr/lib/avr5\libc.a(strnlen.o)
 .text          0x0000000000000000        0x0 c:/sysgcc/avr/bin/../lib/gcc/avr/7.3.0/../../../../avr/lib/avr5\libc.a(fputc.o)
 .data          0x0000000000000000        0x0 c:/sysgcc/avr/bin/../lib/gcc/avr/7.3.0/../../../../avr/lib/avr5\libc.a(fputc.o)
 .bss           0x0000000000000000        0x0 c:/sysgcc/avr/bin/../lib/gcc/avr/7.3.0/../../../../avr/lib/avr5\libc.a(fputc.o)
 .text          0x0000000000000000        0x0 c:/sysgcc/avr/bin/../lib/gcc/avr/7.3.0/../../../../avr/lib/avr5\libc.a(ultoa_invert.o)
 .data          0x0000000000000000        0x0 c:/sysgcc/avr/bin/../lib/gcc/avr/7.3.0/../../../../avr/lib/avr5\libc.a(ultoa_invert.o)
 .bss           0x0000000000000000        0x0 c:/sysgcc/avr/bin/../lib/gcc/avr/7.3.0/../../../../avr/lib/avr5\libc.a(ultoa_invert.o)
 .text          0x0000000000000000        0x0 c:/sysgcc/avr/bin/../lib/gcc/avr/7.3.0/avr5\libgcc.a(_prologue.o)
 .data          0x0000000000000000        0x0 c:/sysgcc/avr/bin/../lib/gcc/avr/7.3.0/avr5\libgcc.a(_prologue.o)
 .bss           0x0000000000000000        0x0 c:/sysgcc/avr/bin/../lib/gcc/avr/7.3.0/avr5\libgcc.a(_prologue.o)
 .text.libgcc.mul
                0x0000000000000000        0x0 c:/sysgcc/avr/bin/../lib/gcc/avr/7.3.0/avr5\libgcc.a(_prologue.o)
 .text.libgcc.div
                0x0000000000000000        0x0 c:/sysgcc/avr/bin/../lib/gcc/avr/7.3.0/avr5\libgcc.a(_prologue.o)
 .text.libgcc   0x0000000000000000        0x0 c:/sysgcc/avr/bin/../lib/gcc/avr/7.3.0/avr5\libgcc.a(_prologue.o)
 .text.libgcc.builtins
                0x0000000000000000        0x0 c:/sysgcc/avr/bin/../lib/gcc/avr/7.3.0/avr5\libgcc.a(_prologue.o)
 .text.libgcc.fmul
                0x0000000000000000        0x0 c:/sysgcc/avr/bin/../lib/gcc/avr/7.3.0/avr5\libgcc.a(_prologue.o)
 .text.libgcc.fixed
                0x0000000000000000        0x0 c:/sysgcc/avr/bin/../lib/gcc/avr/7.3.0/avr5\libgcc.a(_prologue.o)
 .text          0x0000000000000000        0x0 c:/sysgcc/avr/bin/../lib/gcc/avr/7.3.0/avr5\libgcc.a(_epilogue.o)
 .data          0x0000000000000000        0x0 c:/sysgcc/avr/bin/../lib/gcc/avr/7.3.0/avr5\libgcc.a(_epilogue.o)
 .bss           0x0000000000000000        0x0 c:/sysgcc/avr/bin/../lib/gcc/avr/7.3.0/avr5\libgcc.a(_epilogue.o)
 .text.libgcc.mul
                0x0000000000000000        0x0 c:/sysgcc/avr/bin/../lib/gcc/avr/7.3.0/avr5\libgcc.a(_epilogue.o)
 .text.libgcc.div
                0x0000000000000000        0x0 c:/sysgcc/avr/bin/../lib/gcc/avr/7.3.0/avr5\libgcc.a(_epilogue.o)
 .text.libgcc   0x0000000000000000        0x0 c:/sysgcc/avr/bin/../lib/gcc/avr/7.3.0/avr5\libgcc.a(_epilogue.o)
 .text.libgcc.builtins
                0x0000000000000000        0x0 c:/sysgcc/avr/bin/../lib/gcc/avr/7.3.0/avr5\libgcc.a(_epilogue.o)
 .text.libgcc.fmul
                0x0000000000000000        0x0 c:/sysgcc/avr/bin/../lib/gcc/avr/7.3.0/avr5\libgcc.a(_epilogue.o)
 .text.libgcc.fixed
                0x0000000000000000        0x0 c:/sysgcc/avr/bin/../lib/gcc/avr/7.3.0/avr5\libgcc.a(_epilogue.o)

Memory Configuration

Name             Origin             Length             Attributes
text             0x0000000000000000 0x0000000000008000 xr
data             0x0000000000800100 0x0000000000000800 rw !x
eeprom           0x0000000000810000 0x0000000000000400 rw !x
fuse             0x0000000000820000 0x0000000000000003 rw !x
lock             0x0000000000830000 0x0000000000000400 rw !x
signature        0x0000000000840000 0x0000000000000400 rw !x
user_signatures  0x0000000000850000 0x0000000000000400 rw !x
*default*        0x0000000000000000 0xffffffffffffffff

Linker script and memory map

Address of section .data set to 0x800100
LOAD c:/sysgcc/avr/bin/../lib/gcc/avr/7.3.0/../../../../avr/lib/avr5/crtatmega328p.o
LOAD CMakeFiles/BSP.dir/C_/Program_Files_(x86)/Sysprogs/VisualGDB/CMake/embedded/dummy.c.obj
LOAD CMakeFiles/pr.dir/Main.cpp.obj
LOAD CMakeFiles/pr.dir/DHT11.cpp.obj
LOAD c:/sysgcc/avr/bin/../lib/gcc/avr/7.3.0/avr5\libgcc.a
LOAD c:/sysgcc/avr/bin/../lib/gcc/avr/7.3.0/../../../../avr/lib/avr5\libm.a
START GROUP
LOAD c:/sysgcc/avr/bin/../lib/gcc/avr/7.3.0/avr5\libgcc.a
LOAD c:/sysgcc/avr/bin/../lib/gcc/avr/7.3.0/../../../../avr/lib/avr5\libm.a
LOAD c:/sysgcc/avr/bin/../lib/gcc/avr/7.3.0/../../../../avr/lib/avr5\libc.a
LOAD c:/sysgcc/avr/bin/../lib/gcc/avr/7.3.0/../../../../avr/lib/avr5\libatmega328p.a
END GROUP
                0x0000000000000000                __TEXT_REGION_ORIGIN__ = DEFINED (__TEXT_REGION_ORIGIN__)?__TEXT_REGION_ORIGIN__:0x0
                [0x0000000000800100]                __DATA_REGION_ORIGIN__ = DEFINED (__DATA_REGION_ORIGIN__)?__DATA_REGION_ORIGIN__:0x800060
                [0x0000000000008000]                __TEXT_REGION_LENGTH__ = DEFINED (__TEXT_REGION_LENGTH__)?__TEXT_REGION_LENGTH__:0x20000
                [0x0000000000000800]                __DATA_REGION_LENGTH__ = DEFINED (__DATA_REGION_LENGTH__)?__DATA_REGION_LENGTH__:0xffa0
                [0x0000000000000400]                __EEPROM_REGION_LENGTH__ = DEFINED (__EEPROM_REGION_LENGTH__)?__EEPROM_REGION_LENGTH__:0x10000
                [0x0000000000000003]                __FUSE_REGION_LENGTH__ = DEFINED (__FUSE_REGION_LENGTH__)?__FUSE_REGION_LENGTH__:0x400
                0x0000000000000400                __LOCK_REGION_LENGTH__ = DEFINED (__LOCK_REGION_LENGTH__)?__LOCK_REGION_LENGTH__:0x400
                0x0000000000000400                __SIGNATURE_REGION_LENGTH__ = DEFINED (__SIGNATURE_REGION_LENGTH__)?__SIGNATURE_REGION_LENGTH__:0x400
                0x0000000000000400                __USER_SIGNATURE_REGION_LENGTH__ = DEFINED (__USER_SIGNATURE_REGION_LENGTH__)?__USER_SIGNATURE_REGION_LENGTH__:0x400

.hash
 *(.hash)

.dynsym
 *(.dynsym)

.dynstr
 *(.dynstr)

.gnu.version
 *(.gnu.version)

.gnu.version_d
 *(.gnu.version_d)

.gnu.version_r
 *(.gnu.version_r)

.rel.init
 *(.rel.init)

.rela.init
 *(.rela.init)

.rel.text
 *(.rel.text)
 *(.rel.text.*)
 *(.rel.gnu.linkonce.t*)

.rela.text
 *(.rela.text)
 *(.rela.text.*)
 *(.rela.gnu.linkonce.t*)

.rel.fini
 *(.rel.fini)

.rela.fini
 *(.rela.fini)

.rel.rodata
 *(.rel.rodata)
 *(.rel.rodata.*)
 *(.rel.gnu.linkonce.r*)

.rela.rodata
 *(.rela.rodata)
 *(.rela.rodata.*)
 *(.rela.gnu.linkonce.r*)

.rel.data
 *(.rel.data)
 *(.rel.data.*)
 *(.rel.gnu.linkonce.d*)

.rela.data
 *(.rela.data)
 *(.rela.data.*)
 *(.rela.gnu.linkonce.d*)

.rel.ctors
 *(.rel.ctors)

.rela.ctors
 *(.rela.ctors)

.rel.dtors
 *(.rel.dtors)

.rela.dtors
 *(.rela.dtors)

.rel.got
 *(.rel.got)

.rela.got
 *(.rela.got)

.rel.bss
 *(.rel.bss)

.rela.bss
 *(.rela.bss)

.rel.plt
 *(.rel.plt)

.rela.plt
 *(.rela.plt)

.text           0x0000000000000000      0xc10
 *(.vectors)
 .vectors       0x0000000000000000       0x68 c:/sysgcc/avr/bin/../lib/gcc/avr/7.3.0/../../../../avr/lib/avr5/crtatmega328p.o
                0x0000000000000000                __vector_default
                0x0000000000000000                __vectors
 *(.vectors)
 *(.progmem.gcc*)
                0x0000000000000068                . = ALIGN (0x2)
                0x0000000000000068                __trampolines_start = .
 *(.trampolines)
 .trampolines   0x0000000000000068        0x0 linker stubs
 *(.trampolines*)
                0x0000000000000068                __trampolines_end = .
 *libprintf_flt.a:*(.progmem.data)
 *libc.a:*(.progmem.data)
 *(.progmem*)
                0x0000000000000068                . = ALIGN (0x2)
 *(.jumptables)
 *(.jumptables*)
 *(.lowtext)
 *(.lowtext*)
                0x0000000000000068                __ctors_start = .
 *(.ctors)
                0x0000000000000068                __ctors_end = .
                0x0000000000000068                __dtors_start = .
 *(.dtors)
                0x0000000000000068                __dtors_end = .
 SORT(*)(.ctors)
 SORT(*)(.dtors)
 *(.init0)
 .init0         0x0000000000000068        0x0 c:/sysgcc/avr/bin/../lib/gcc/avr/7.3.0/../../../../avr/lib/avr5/crtatmega328p.o
                0x0000000000000068                __init
 *(.init0)
 *(.init1)
 *(.init1)
 *(.init2)
 .init2         0x0000000000000068        0xc c:/sysgcc/avr/bin/../lib/gcc/avr/7.3.0/../../../../avr/lib/avr5/crtatmega328p.o
 *(.init2)
 *(.init3)
 *(.init3)
 *(.init4)
 .init4         0x0000000000000074       0x16 c:/sysgcc/avr/bin/../lib/gcc/avr/7.3.0/avr5\libgcc.a(_copy_data.o)
                0x0000000000000074                __do_copy_data
 .init4         0x000000000000008a       0x10 c:/sysgcc/avr/bin/../lib/gcc/avr/7.3.0/avr5\libgcc.a(_clear_bss.o)
                0x000000000000008a                __do_clear_bss
 *(.init4)
 *(.init5)
 *(.init5)
 *(.init6)
 *(.init6)
 *(.init7)
 *(.init7)
 *(.init8)
 *(.init8)
 *(.init9)
 .init9         0x000000000000009a        0x8 c:/sysgcc/avr/bin/../lib/gcc/avr/7.3.0/../../../../avr/lib/avr5/crtatmega328p.o
 *(.init9)
 *(.text)
 .text          0x00000000000000a2        0x4 c:/sysgcc/avr/bin/../lib/gcc/avr/7.3.0/../../../../avr/lib/avr5/crtatmega328p.o
                0x00000000000000a2                __vector_22
                0x00000000000000a2                __vector_1
                0x00000000000000a2                __vector_24
                0x00000000000000a2                __vector_12
                0x00000000000000a2                __bad_interrupt
                0x00000000000000a2                __vector_6
                0x00000000000000a2                __vector_3
                0x00000000000000a2                __vector_23
                0x00000000000000a2                __vector_25
                0x00000000000000a2                __vector_11
                0x00000000000000a2                __vector_13
                0x00000000000000a2                __vector_17
                0x00000000000000a2                __vector_19
                0x00000000000000a2                __vector_7
                0x00000000000000a2                __vector_5
                0x00000000000000a2                __vector_4
                0x00000000000000a2                __vector_9
                0x00000000000000a2                __vector_2
                0x00000000000000a2                __vector_21
                0x00000000000000a2                __vector_15
                0x00000000000000a2                __vector_8
                0x00000000000000a2                __vector_14
                0x00000000000000a2                __vector_10
                0x00000000000000a2                __vector_16
                0x00000000000000a2                __vector_18
                0x00000000000000a2                __vector_20
                0x00000000000000a6                . = ALIGN (0x2)
 *(.text.*)
 .text._Z7lcd_cmdc
                0x00000000000000a6       0xe6 CMakeFiles/pr.dir/Main.cpp.obj
                0x00000000000000a6                _Z7lcd_cmdc
 .text._Z7lcd_dwrc
                0x000000000000018c       0xe6 CMakeFiles/pr.dir/Main.cpp.obj
                0x000000000000018c                _Z7lcd_dwrc
 .text._Z8lcd_initv
                0x0000000000000272      0x186 CMakeFiles/pr.dir/Main.cpp.obj
                0x0000000000000272                _Z8lcd_initv
 .text.startup.main
                0x00000000000003f8      0x18e CMakeFiles/pr.dir/Main.cpp.obj
                0x00000000000003f8                main
 .text._Z8dht_readPhS_
                0x0000000000000586       0xd6 CMakeFiles/pr.dir/DHT11.cpp.obj
                0x0000000000000586                _Z8dht_readPhS_
 .text.avr-libc
                0x000000000000065c       0x46 c:/sysgcc/avr/bin/../lib/gcc/avr/7.3.0/../../../../avr/lib/avr5\libc.a(sprintf.o)
                0x000000000000065c                sprintf
 .text.avr-libc
                0x00000000000006a2      0x3b4 c:/sysgcc/avr/bin/../lib/gcc/avr/7.3.0/../../../../avr/lib/avr5\libc.a(vfprintf_std.o)
                0x00000000000006a2                vfprintf
 .text.avr-libc
                0x0000000000000a56       0x16 c:/sysgcc/avr/bin/../lib/gcc/avr/7.3.0/../../../../avr/lib/avr5\libc.a(strnlen_P.o)
                0x0000000000000a56                strnlen_P
 .text.avr-libc
                0x0000000000000a6c       0x16 c:/sysgcc/avr/bin/../lib/gcc/avr/7.3.0/../../../../avr/lib/avr5\libc.a(strnlen.o)
                0x0000000000000a6c                strnlen
 .text.avr-libc
                0x0000000000000a82       0x60 c:/sysgcc/avr/bin/../lib/gcc/avr/7.3.0/../../../../avr/lib/avr5\libc.a(fputc.o)
                0x0000000000000a82                fputc
 .text.avr-libc
                0x0000000000000ae2       0xbc c:/sysgcc/avr/bin/../lib/gcc/avr/7.3.0/../../../../avr/lib/avr5\libc.a(ultoa_invert.o)
                0x0000000000000ae2                __ultoa_invert
 .text.libgcc.prologue
                0x0000000000000b9e       0x38 c:/sysgcc/avr/bin/../lib/gcc/avr/7.3.0/avr5\libgcc.a(_prologue.o)
                0x0000000000000b9e                __prologue_saves__
 .text.libgcc.prologue
                0x0000000000000bd6       0x36 c:/sysgcc/avr/bin/../lib/gcc/avr/7.3.0/avr5\libgcc.a(_epilogue.o)
                0x0000000000000bd6                __epilogue_restores__
                0x0000000000000c0c                . = ALIGN (0x2)
 *(.fini9)
 .fini9         0x0000000000000c0c        0x0 c:/sysgcc/avr/bin/../lib/gcc/avr/7.3.0/avr5\libgcc.a(_exit.o)
                0x0000000000000c0c                _exit
                0x0000000000000c0c                exit
 *(.fini9)
 *(.fini8)
 *(.fini8)
 *(.fini7)
 *(.fini7)
 *(.fini6)
 *(.fini6)
 *(.fini5)
 *(.fini5)
 *(.fini4)
 *(.fini4)
 *(.fini3)
 *(.fini3)
 *(.fini2)
 *(.fini2)
 *(.fini1)
 *(.fini1)
 *(.fini0)
 .fini0         0x0000000000000c0c        0x4 c:/sysgcc/avr/bin/../lib/gcc/avr/7.3.0/avr5\libgcc.a(_exit.o)
 *(.fini0)
                0x0000000000000c10                _etext = .

.data           0x0000000000800100       0x12 load address 0x0000000000000c10
                0x0000000000800100                PROVIDE (__data_start, .)
 *(.data)
 *(.data*)
 *(.gnu.linkonce.d*)
 *(.rodata)
 *(.rodata*)
 .rodata.main.str1.1
                0x0000000000800100       0x12 CMakeFiles/pr.dir/Main.cpp.obj
 *(.gnu.linkonce.r*)
                0x0000000000800112                . = ALIGN (0x2)
                0x0000000000800112                _edata = .
                0x0000000000800112                PROVIDE (__data_end, .)

.bss            0x0000000000800112       0x12
                0x0000000000800112                PROVIDE (__bss_start, .)
 *(.bss)
 *(.bss*)
 .bss.temp      0x0000000000800112        0x1 CMakeFiles/pr.dir/Main.cpp.obj
                0x0000000000800112                temp
 .bss.hum       0x0000000000800113        0x1 CMakeFiles/pr.dir/Main.cpp.obj
                0x0000000000800113                hum
 .bss.buf       0x0000000000800114       0x10 CMakeFiles/pr.dir/Main.cpp.obj
                0x0000000000800114                buf
 *(COMMON)
                0x0000000000800124                PROVIDE (__bss_end, .)
                0x0000000000000c10                __data_load_start = LOADADDR (.data)
                0x0000000000000c22                __data_load_end = (__data_load_start + SIZEOF (.data))

.noinit         0x0000000000800124        0x0
                [!provide]                        PROVIDE (__noinit_start, .)
 *(.noinit*)
                [!provide]                        PROVIDE (__noinit_end, .)
                0x0000000000800124                _end = .
                [!provide]                        PROVIDE (__heap_start, .)

.eeprom         0x0000000000810000        0x0
 *(.eeprom*)
                0x0000000000810000                __eeprom_end = .

.fuse
 *(.fuse)
 *(.lfuse)
 *(.hfuse)
 *(.efuse)

.lock
 *(.lock*)

.signature
 *(.signature*)

.user_signatures
 *(.user_signatures*)

.stab
 *(.stab)

.stabstr
 *(.stabstr)

.stab.excl
 *(.stab.excl)

.stab.exclstr
 *(.stab.exclstr)

.stab.index
 *(.stab.index)

.stab.indexstr
 *(.stab.indexstr)

.comment        0x0000000000000000       0x5c
 *(.comment)
 .comment       0x0000000000000000       0x30 CMakeFiles/pr.dir/Main.cpp.obj
                                         0x31 (size before relaxing)
 .comment       0x0000000000000030       0x31 CMakeFiles/pr.dir/DHT11.cpp.obj
 .comment       0x0000000000000030       0x31 c:/sysgcc/avr/bin/../lib/gcc/avr/7.3.0/../../../../avr/lib/avr5\libc.a(sprintf.o)
 .comment       0x0000000000000030       0x2c c:/sysgcc/avr/bin/../lib/gcc/avr/7.3.0/../../../../avr/lib/avr5\libc.a(vfprintf_std.o)
                                         0x2d (size before relaxing)
 .comment       0x000000000000005c       0x31 c:/sysgcc/avr/bin/../lib/gcc/avr/7.3.0/../../../../avr/lib/avr5\libc.a(fputc.o)

.note.gnu.avr.deviceinfo
                0x0000000000000000       0x40
 .note.gnu.avr.deviceinfo
                0x0000000000000000       0x40 c:/sysgcc/avr/bin/../lib/gcc/avr/7.3.0/../../../../avr/lib/avr5/crtatmega328p.o

.note.gnu.build-id
 *(.note.gnu.build-id)

.debug
 *(.debug)

.line
 *(.line)

.debug_srcinfo
 *(.debug_srcinfo)

.debug_sfnames
 *(.debug_sfnames)

.debug_aranges  0x0000000000000000       0xb8
 *(.debug_aranges)
 .debug_aranges
                0x0000000000000000       0x88 CMakeFiles/pr.dir/Main.cpp.obj
 .debug_aranges
                0x0000000000000088       0x30 CMakeFiles/pr.dir/DHT11.cpp.obj

.debug_pubnames
 *(.debug_pubnames)

.debug_info     0x0000000000000000     0x102c
 *(.debug_info .gnu.linkonce.wi.*)
 .debug_info    0x0000000000000000      0x5f4 c:/sysgcc/avr/bin/../lib/gcc/avr/7.3.0/../../../../avr/lib/avr5/crtatmega328p.o
 .debug_info    0x00000000000005f4      0x625 CMakeFiles/pr.dir/Main.cpp.obj
 .debug_info    0x0000000000000c19      0x413 CMakeFiles/pr.dir/DHT11.cpp.obj

.debug_abbrev   0x0000000000000000      0x9de
 *(.debug_abbrev)
 .debug_abbrev  0x0000000000000000      0x5a2 c:/sysgcc/avr/bin/../lib/gcc/avr/7.3.0/../../../../avr/lib/avr5/crtatmega328p.o
 .debug_abbrev  0x00000000000005a2      0x266 CMakeFiles/pr.dir/Main.cpp.obj
 .debug_abbrev  0x0000000000000808      0x1d6 CMakeFiles/pr.dir/DHT11.cpp.obj

.debug_line     0x0000000000000000      0xa70
 *(.debug_line .debug_line.* .debug_line_end)
 .debug_line    0x0000000000000000       0x1a c:/sysgcc/avr/bin/../lib/gcc/avr/7.3.0/../../../../avr/lib/avr5/crtatmega328p.o
 .debug_line    0x000000000000001a      0x776 CMakeFiles/pr.dir/Main.cpp.obj
 .debug_line    0x0000000000000790      0x2e0 CMakeFiles/pr.dir/DHT11.cpp.obj

.debug_frame    0x0000000000000000      0x184
 *(.debug_frame)
 .debug_frame   0x0000000000000000      0x11c CMakeFiles/pr.dir/Main.cpp.obj
 .debug_frame   0x000000000000011c       0x68 CMakeFiles/pr.dir/DHT11.cpp.obj

.debug_str      0x0000000000000000     0x7da0
 *(.debug_str)
 .debug_str     0x0000000000000000      0x208 c:/sysgcc/avr/bin/../lib/gcc/avr/7.3.0/../../../../avr/lib/avr5/crtatmega328p.o
 .debug_str     0x0000000000000208     0x7ac3 CMakeFiles/pr.dir/Main.cpp.obj
                                       0x7bd0 (size before relaxing)
 .debug_str     0x0000000000007ccb       0xd5 CMakeFiles/pr.dir/DHT11.cpp.obj
                                       0x7394 (size before relaxing)

.debug_loc      0x0000000000000000      0x507
 *(.debug_loc)
 .debug_loc     0x0000000000000000      0x1bd CMakeFiles/pr.dir/Main.cpp.obj
 .debug_loc     0x00000000000001bd      0x34a CMakeFiles/pr.dir/DHT11.cpp.obj

.debug_macinfo
 *(.debug_macinfo)

.debug_weaknames
 *(.debug_weaknames)

.debug_funcnames
 *(.debug_funcnames)

.debug_typenames
 *(.debug_typenames)

.debug_varnames
 *(.debug_varnames)

.debug_pubtypes
 *(.debug_pubtypes)

.debug_ranges   0x0000000000000000      0x110
 *(.debug_ranges)
 .debug_ranges  0x0000000000000000       0x90 CMakeFiles/pr.dir/Main.cpp.obj
 .debug_ranges  0x0000000000000090       0x80 CMakeFiles/pr.dir/DHT11.cpp.obj

.debug_macro    0x0000000000000000     0x2f23
 *(.debug_macro)
 .debug_macro   0x0000000000000000      0x102 CMakeFiles/pr.dir/Main.cpp.obj
 .debug_macro   0x0000000000000102      0xbe0 CMakeFiles/pr.dir/Main.cpp.obj
 .debug_macro   0x0000000000000ce2       0x10 CMakeFiles/pr.dir/Main.cpp.obj
 .debug_macro   0x0000000000000cf2       0x1c CMakeFiles/pr.dir/Main.cpp.obj
 .debug_macro   0x0000000000000d0e      0x1c9 CMakeFiles/pr.dir/Main.cpp.obj
 .debug_macro   0x0000000000000ed7      0x2fc CMakeFiles/pr.dir/Main.cpp.obj
 .debug_macro   0x00000000000011d3       0x9e CMakeFiles/pr.dir/Main.cpp.obj
 .debug_macro   0x0000000000001271     0x1411 CMakeFiles/pr.dir/Main.cpp.obj
 .debug_macro   0x0000000000002682      0x13a CMakeFiles/pr.dir/Main.cpp.obj
 .debug_macro   0x00000000000027bc       0xbd CMakeFiles/pr.dir/Main.cpp.obj
 .debug_macro   0x0000000000002879       0x34 CMakeFiles/pr.dir/Main.cpp.obj
 .debug_macro   0x00000000000028ad       0x18 CMakeFiles/pr.dir/Main.cpp.obj
 .debug_macro   0x00000000000028c5       0x6c CMakeFiles/pr.dir/Main.cpp.obj
 .debug_macro   0x0000000000002931       0x58 CMakeFiles/pr.dir/Main.cpp.obj
 .debug_macro   0x0000000000002989       0x10 CMakeFiles/pr.dir/Main.cpp.obj
 .debug_macro   0x0000000000002999       0x97 CMakeFiles/pr.dir/Main.cpp.obj
 .debug_macro   0x0000000000002a30       0xf2 CMakeFiles/pr.dir/Main.cpp.obj
 .debug_macro   0x0000000000002b22       0x16 CMakeFiles/pr.dir/Main.cpp.obj
 .debug_macro   0x0000000000002b38       0x20 CMakeFiles/pr.dir/Main.cpp.obj
 .debug_macro   0x0000000000002b58       0x16 CMakeFiles/pr.dir/Main.cpp.obj
 .debug_macro   0x0000000000002b6e       0x10 CMakeFiles/pr.dir/Main.cpp.obj
 .debug_macro   0x0000000000002b7e      0x160 CMakeFiles/pr.dir/Main.cpp.obj
 .debug_macro   0x0000000000002cde       0x28 CMakeFiles/pr.dir/Main.cpp.obj
 .debug_macro   0x0000000000002d06       0xb7 CMakeFiles/pr.dir/DHT11.cpp.obj
 .debug_macro   0x0000000000002dbd      0x166 CMakeFiles/pr.dir/DHT11.cpp.obj
OUTPUT(pr elf32-avr)
LOAD linker stubs
